2026-01-16 14:40:39.387  6270-6270  CodecProperties         com.yart.livekit                     D  setTuningValue(vq-target-qpmax-720p,43)
2026-01-16 14:40:39.387  6270-6270  CodecProperties         com.yart.livekit                     D  setTuningValue(vq-target-qpmax-540p,42)
2026-01-16 14:40:39.387  6270-6270  CodecProperties         com.yart.livekit                     D  setTuningValue(vq-target-qpmax-480p,38)
2026-01-16 14:40:39.387  6270-6270  CodecProperties         com.yart.livekit                     D  setTuningValue(vq-bitrate-phaseout,1.75)
2026-01-16 14:40:39.387  6270-6270  CodecProperties         com.yart.livekit                     D  setTuningValue(vq-boost-missing-qp,0.20)
2026-01-16 14:40:39.388  6270-6270  CodecProperties         com.yart.livekit                     D  setFeatureValue(intra-refresh,0)
2026-01-16 14:40:39.388  6270-6270  CodecProperties         com.yart.livekit                     D  setFeatureValue(qp-bounds,0)
2026-01-16 14:40:39.388  6270-6270  CodecProperties         com.yart.livekit                     D  setFeatureValue(_vq_eligible.device,1)
2026-01-16 14:40:39.388  6270-6270  CodecProperties         com.yart.livekit                     D  setFeatureValue(_quality.target,1)
2026-01-16 14:40:39.388  6270-6270  CodecSeeding            com.yart.livekit                     D  Seed: codec c2.android.avc.encoder, mediatype video/avc, overrideable 0
2026-01-16 14:40:39.388  6270-6270  VQApply                 com.yart.livekit                     D  minquality: applies only to VBR encoding
2026-01-16 14:40:39.388  6270-6270  MediaCodec              com.yart.livekit                     D  shapeMediaFormat: deltas(0): AMessage(what = 0x00000000) = {
                                                                                                      }
2026-01-16 14:40:39.389  6270-6364  CCodec                  com.yart.livekit                     D  [c2.android.avc.encoder] buffers are bound to CCodec for this session
2026-01-16 14:40:39.391  6270-6364  CCodecConfig            com.yart.livekit                     D  no c2 equivalents for color-format
2026-01-16 14:40:39.392  6270-6364  CCodecConfig            com.yart.livekit                     D  no c2 equivalents for flags
2026-01-16 14:40:39.392  6270-6364  CCodecConfig            com.yart.livekit                     D  no c2 equivalents for encoder
2026-01-16 14:40:39.393  6270-6364  CCodecConfig            com.yart.livekit                     D  c2 config diff is   c2::u32 algo.bitrate-mode.value = 1
                                                                                                      c2::u32 coded.bitrate.value = 2048000
                                                                                                      c2::float coded.frame-rate.value = 30
                                                                                                      c2::i64 coding.sync-frame-interval.value = 2000000
                                                                                                      c2::u32 raw.size.height = 720
                                                                                                      c2::u32 raw.size.width = 1280
2026-01-16 14:40:39.393  6270-6364  ColorUtils              com.yart.livekit                     W  expected specified color aspects (0:0:0:0)
2026-01-16 14:40:39.394  6270-6364  CCodec                  com.yart.livekit                     D  encoding statistics level = 0
2026-01-16 14:40:39.394  6270-6364  CCodec                  com.yart.livekit                     D  setup formats input: AMessage(what = 0x00000000) = {
                                                                                                      Rect crop(0, 0, 1279, 719)
                                                                                                      int32_t color-standard = 0
                                                                                                      int32_t color-range = 0
                                                                                                      int32_t color-transfer = 0
                                                                                                      int32_t frame-rate = 30
                                                                                                      int32_t height = 720
                                                                                                      int32_t intra-refresh-period = 0
                                                                                                      string mime = "video/raw"
                                                                                                      int32_t video-qp-average = 0
                                                                                                      int32_t width = 1280
                                                                                                      int32_t android._dataspace = 0
                                                                                                      int32_t using-sw-read-often = 1
                                                                                                      int64_t android._C2MemoryUsage = 1
                                                                                                      int32_t color-format = 2130708361
                                                                                                      int32_t android._color-format = 2130708361
                                                                                                    }
2026-01-16 14:40:39.394  6270-6364  CCodec                  com.yart.livekit                     D  setup formats output: AMessage(what = 0x00000000) = {
                                                                                                      int32_t bitrate = 2048000
                                                                                                      int32_t bitrate-mode = 2
                                                                                                      Rect crop(0, 0, 1279, 719)
                                                                                                      int32_t color-standard = 0
                                                                                                      int32_t color-range = 0
                                                                                                      int32_t color-transfer = 0
                                                                                                      int32_t frame-rate = 30
                                                                                                      int32_t height = 720
                                                                                                      int32_t intra-refresh-period = 0
                                                                                                      int32_t level = 4096
                                                                                                      int32_t max-bitrate = 2048000
                                                                                                      string mime = "video/avc"
                                                                                                      int32_t profile = 65536
                                                                                                      int32_t video-qp-average = 0
                                                                                                      int32_t width = 1280
                                                                                                    }
2026-01-16 14:40:39.394  6270-6364  CCodecConfig            com.yart.livekit                     I  query failed after returning 14 values (BAD_INDEX)
2026-01-16 14:40:39.394  6270-6364  om.yart.livekit         com.yart.livekit                     E  Failed to query component interface for required system resources: 6
2026-01-16 14:40:39.395  6270-6364  CCodec                  com.yart.livekit                     D  hidl based PersistentSurface created
2026-01-16 14:40:39.395  6270-6364  CCodec                  com.yart.livekit                     D  input format changed to AMessage(what = 0x00000000) = {
                                                                                                      Rect crop(0, 0, 1279, 719)
                                                                                                      int32_t color-standard = 1
                                                                                                      int32_t color-range = 2
                                                                                                      int32_t color-transfer = 3
                                                                                                      int32_t frame-rate = 30
                                                                                                      int32_t height = 720
                                                                                                      int32_t intra-refresh-period = 0
                                                                                                      string mime = "video/raw"
                                                                                                      int32_t video-qp-average = 0
                                                                                                      int32_t width = 1280
                                                                                                      int32_t android._dataspace = 260
                                                                                                      int32_t using-sw-read-often = 1
                                                                                                      int64_t android._C2MemoryUsage = 1
                                                                                                      int32_t color-format = 2130708361
                                                                                                      int32_t android._color-format = 2130708361
                                                                                                    }
2026-01-16 14:40:39.395  6270-6364  GraphicBufferSource     com.yart.livekit                     D  setting dataspace: 0x104, acquired=0
2026-01-16 14:40:39.395  6270-6364  CCodec                  com.yart.livekit                     D  ISConfig not changed
2026-01-16 14:40:39.396  6270-6270  VideoEncoder            com.yart.livekit                     I  prepared
2026-01-16 14:40:39.396  6270-6270  VideoEncoder            com.yart.livekit                     I  started
2026-01-16 14:40:39.396  6270-6270  MediaCodec              com.yart.livekit                     D  keep callback message for reclaim
2026-01-16 14:40:39.403  6270-6364  Codec2Client            com.yart.livekit                     W  query -- param skipped: index = 1342179345.
2026-01-16 14:40:39.403  6270-6364  Codec2Client            com.yart.livekit                     W  query -- param skipped: index = 2415921170.
2026-01-16 14:40:39.403  6270-6364  CCodecBufferChannel     com.yart.livekit                     D  [c2.android.avc.encoder#168] Using basic input block pool with poolID 1 => got 1 - OK (0)
2026-01-16 14:40:39.403  6270-6364  C2Store                 com.yart.livekit                     D  Using DMABUF Heaps
2026-01-16 14:40:39.408  6270-6364  CCodecBufferChannel     com.yart.livekit                     I  [c2.android.avc.encoder#168] Created output block pool with allocatorID 16 => poolID 42 - OK
2026-01-16 14:40:39.409  6270-6364  CCodecBufferChannel     com.yart.livekit                     D  [c2.android.avc.encoder#168] Configured output block pool ids 42 => OK
2026-01-16 14:40:39.410  6270-6270  AudioEncoder            com.yart.livekit                     I  started
2026-01-16 14:40:39.411  6270-6270  MediaCodec              com.yart.livekit                     D  keep callback message for reclaim
2026-01-16 14:40:39.413  6270-6354  Codec2Client            com.yart.livekit                     W  query -- param skipped: index = 1342179345.
2026-01-16 14:40:39.413  6270-6354  Codec2Client            com.yart.livekit                     W  query -- param skipped: index = 2415921170.
2026-01-16 14:40:39.413  6270-6354  Codec2Client            com.yart.livekit                     W  query -- param skipped: index = 3254792206.
2026-01-16 14:40:39.413  6270-6354  Codec2Client            com.yart.livekit                     W  query -- param skipped: index = 3254792194.
2026-01-16 14:40:39.413  6270-6354  CCodecBufferChannel     com.yart.livekit                     D  [c2.android.aac.encoder#299] Created input block pool with allocatorID 16 => poolID 17 - OK (0)
2026-01-16 14:40:39.415  6270-6354  CCodecBufferChannel     com.yart.livekit                     I  [c2.android.aac.encoder#299] Created output block pool with allocatorID 16 => poolID 43 - OK
2026-01-16 14:40:39.416  6270-6354  CCodecBufferChannel     com.yart.livekit                     D  [c2.android.aac.encoder#299] Configured output block pool ids 43 => OK
2026-01-16 14:40:39.417  6270-6354  DMABUFHEAPS             com.yart.livekit                     I  Using DMA-BUF heap named: system
2026-01-16 14:40:39.421  6270-6368  SurfaceManager          com.yart.livekit                     E  GL already released
2026-01-16 14:40:39.514  6270-6368  SurfaceManager          com.yart.livekit                     I  GL initialized
2026-01-16 14:40:39.562  6270-6368  EGL_emulation           com.yart.livekit                     E  eglQueryContext 32c0  EGL_BAD_ATTRIBUTE
2026-01-16 14:40:39.562  6270-6368  EGL_emulation           com.yart.livekit                     E  tid 6368: eglQueryContext(2159): error 0x3004 (EGL_BAD_ATTRIBUTE)
2026-01-16 14:40:39.574  6270-6368  SurfaceManager          com.yart.livekit                     E  GL already released
2026-01-16 14:40:39.588  6270-6368  SurfaceManager          com.yart.livekit                     I  GL initialized
2026-01-16 14:40:39.599  6270-6368  SurfaceManager          com.yart.livekit                     I  GL released
2026-01-16 14:40:39.599  6270-6368  SurfaceManager          com.yart.livekit                     E  GL already released
2026-01-16 14:40:39.655  6270-6368  SurfaceManager          com.yart.livekit                     I  GL initialized
2026-01-16 14:40:39.688  6270-6368  SurfaceManager          com.yart.livekit                     I  GL initialized
2026-01-16 14:40:39.695  6270-6270  Camera2ApiManager       com.yart.livekit                     I  optimal resolution set to: 1280x720
2026-01-16 14:40:39.709  6270-6270  MicrophoneManager       com.yart.livekit                     I  Microphone started
2026-01-16 14:40:39.746  6270-6371  Camera2ApiManager       com.yart.livekit                     I  fps: 30 - 30
2026-01-16 14:40:39.961  6270-6371  Camera2ApiManager       com.yart.livekit                     I  Camera opened
2026-01-16 14:40:39.975  6270-6270  Choreographer           com.yart.livekit                     I  Skipped 60 frames!  The application may be doing too much work on its main thread.
2026-01-16 14:40:40.014  6270-6382  CommandsManager         com.yart.livekit                     I  Handshake(handshakeVersion=4, encryption=NONE, extensionField=2, initialPacketSequence=475087494, MTU=1500, flowWindowsSize=8192, handshakeType=INDUCTION, srtSocketId=762640158, synCookie=0, ipAddress='192.168.1.37', handshakeExtension=null)
2026-01-16 14:40:40.177  6270-6368  GraphicBufferSource     com.yart.livekit                     D  got buffer with new dataSpace 0x104
2026-01-16 14:40:40.177  6270-6368  C2NodeImpl              com.yart.livekit                     D  dataspace changed to 0x104 pixel format: 0x2
2026-01-16 14:40:40.177  6270-6368  mapper.ranchu           com.yart.livekit                     E  getStandardMetadataImpl:886 failure: UNSUPPORTED: id=555: unexpected standardMetadataType=21
2026-01-16 14:40:40.345  6270-6364  CCodecConfig            com.yart.livekit                     D  c2 config diff is   Buffer coded.init-data.value = {
                                                                                                        00000000:  00 00 00 01 67 42 c0 29  8d 68 05 00 5b a4 20 20  ....gB.).h..[.  
                                                                                                        00000010:  20 20 f0 88 46 a0 00 00  00 01 68 ce 01 a8 35 c8    ..F.....h...5.
                                                                                                      }
2026-01-16 14:40:40.375  6270-6368  mapper.ranchu           com.yart.livekit                     E  getStandardMetadataImpl:886 failure: UNSUPPORTED: id=563: unexpected standardMetadataType=21
2026-01-16 14:40:40.414  6270-6366  RtmpClient              com.yart.livekit                     I  send sps and pps
2026-01-16 14:40:40.414  6270-6366  RtspClient              com.yart.livekit                     I  send sps and pps
2026-01-16 14:40:40.414  6270-6366  SrtClient               com.yart.livekit                     I  send sps and pps
2026-01-16 14:40:40.414  6270-6366  UdpClient               com.yart.livekit                     I  send sps and pps
2026-01-16 14:40:40.416  6270-6368  mapper.ranchu           com.yart.livekit                     E  getStandardMetadataImpl:886 failure: UNSUPPORTED: id=555: unexpected standardMetadataType=21
2026-01-16 14:40:40.491  6270-6368  mapper.ranchu           com.yart.livekit                     E  getStandardMetadataImpl:886 failure: UNSUPPORTED: id=567: unexpected standardMetadataType=21
2026-01-16 14:40:40.535  6270-6368  mapper.ranchu           com.yart.livekit                     E  getStandardMetadataImpl:886 failure: UNSUPPORTED: id=563: unexpected standardMetadataType=21
2026-01-16 14:40:40.555  6270-6368  mapper.ranchu           com.yart.livekit                     E  getStandardMetadataImpl:886 failure: UNSUPPORTED: id=555: unexpected standardMetadataType=21
2026-01-16 14:40:40.618  6270-6368  mapper.ranchu           com.yart.livekit                     E  getStandardMetadataImpl:886 failure: UNSUPPORTED: id=569: unexpected standardMetadataType=21
2026-01-16 14:40:40.660  6270-6368  mapper.ranchu           com.yart.livekit                     E  getStandardMetadataImpl:886 failure: UNSUPPORTED: id=567: unexpected standardMetadataType=21
2026-01-16 14:40:40.683  6270-6368  mapper.ranchu           com.yart.livekit                     E  getStandardMetadataImpl:886 failure: UNSUPPORTED: id=563: unexpected standardMetadataType=21
2026-01-16 14:40:40.705  6270-6368  mapper.ranchu           com.yart.livekit                     E  getStandardMetadataImpl:886 failure: UNSUPPORTED: id=555: unexpected standardMetadataType=21
2026-01-16 14:40:40.730  6270-6368  mapper.ranchu           com.yart.livekit                     E  getStandardMetadataImpl:886 failure: UNSUPPORTED: id=569: unexpected standardMetadataType=21
2026-01-16 14:40:40.762  6270-6368  mapper.ranchu           com.yart.livekit                     E  getStandardMetadataImpl:886 failure: UNSUPPORTED: id=567: unexpected standardMetadataType=21
2026-01-16 14:40:40.783  6270-6368  mapper.ranchu           com.yart.livekit                     E  getStandardMetadataImpl:886 failure: UNSUPPORTED: id=563: unexpected standardMetadataType=21
2026-01-16 14:40:40.809  6270-6368  mapper.ranchu           com.yart.livekit                     E  getStandardMetadataImpl:886 failure: UNSUPPORTED: id=555: unexpected standardMetadataType=21
2026-01-16 14:40:40.831  6270-6368  mapper.ranchu           com.yart.livekit                     E  getStandardMetadataImpl:886 failure: UNSUPPORTED: id=569: unexpected standardMetadataType=21
2026-01-16 14:40:40.864  6270-6368  mapper.ranchu           com.yart.livekit                     E  getStandardMetadataImpl:886 failure: UNSUPPORTED: id=567: unexpected standardMetadataType=21
2026-01-16 14:40:40.899  6270-6368  mapper.ranchu           com.yart.livekit                     E  getStandardMetadataImpl:886 failure: UNSUPPORTED: id=563: unexpected standardMetadataType=21
2026-01-16 14:40:40.929  6270-6368  mapper.ranchu           com.yart.livekit                     E  getStandardMetadataImpl:886 failure: UNSUPPORTED: id=555: unexpected standardMetadataType=21
2026-01-16 14:40:40.961  6270-6368  mapper.ranchu           com.yart.livekit                     E  getStandardMetadataImpl:886 failure: UNSUPPORTED: id=569: unexpected standardMetadataType=21
2026-01-16 14:40:40.994  6270-6368  mapper.ranchu           com.yart.livekit                     E  getStandardMetadataImpl:886 failure: UNSUPPORTED: id=567: unexpected standardMetadataType=21
2026-01-16 14:40:41.027  6270-6368  mapper.ranchu           com.yart.livekit                     E  getStandardMetadataImpl:886 failure: UNSUPPORTED: id=563: unexpected standardMetadataType=21
2026-01-16 14:40:41.059  6270-6368  mapper.ranchu           com.yart.livekit                     E  getStandardMetadataImpl:886 failure: UNSUPPORTED: id=555: unexpected standardMetadataType=21
2026-01-16 14:40:41.091  6270-6368  mapper.ranchu           com.yart.livekit                     E  getStandardMetadataImpl:886 failure: UNSUPPORTED: id=569: unexpected standardMetadataType=21
2026-01-16 14:40:41.123  6270-6368  mapper.ranchu           com.yart.livekit                     E  getStandardMetadataImpl:886 failure: UNSUPPORTED: id=567: unexpected standardMetadataType=21
2026-01-16 14:40:41.156  6270-6368  mapper.ranchu           com.yart.livekit                     E  getStandardMetadataImpl:886 failure: UNSUPPORTED: id=563: unexpected standardMetadataType=21
2026-01-16 14:40:41.188  6270-6368  mapper.ranchu           com.yart.livekit                     E  getStandardMetadataImpl:886 failure: UNSUPPORTED: id=555: unexpected standardMetadataType=21
2026-01-16 14:40:41.219  6270-6368  mapper.ranchu           com.yart.livekit                     E  getStandardMetadataImpl:886 failure: UNSUPPORTED: id=569: unexpected standardMetadataType=21
2026-01-16 14:40:41.252  6270-6368  mapper.ranchu           com.yart.livekit                     E  getStandardMetadataImpl:886 failure: UNSUPPORTED: id=567: unexpected standardMetadataType=21
2026-01-16 14:40:41.285  6270-6368  mapper.ranchu           com.yart.livekit                     E  getStandardMetadataImpl:886 failure: UNSUPPORTED: id=563: unexpected standardMetadataType=21
2026-01-16 14:40:41.320  6270-6368  mapper.ranchu           com.yart.livekit                     E  getStandardMetadataImpl:886 failure: UNSUPPORTED: id=555: unexpected standardMetadataType=21
2026-01-16 14:40:41.352  6270-6368  mapper.ranchu           com.yart.livekit                     E  getStandardMetadataImpl:886 failure: UNSUPPORTED: id=569: unexpected standardMetadataType=21
2026-01-16 14:40:41.386  6270-6368  mapper.ranchu           com.yart.livekit                     E  getStandardMetadataImpl:886 failure: UNSUPPORTED: id=567: unexpected standardMetadataType=21
2026-01-16 14:40:41.421  6270-6368  mapper.ranchu           com.yart.livekit                     E  getStandardMetadataImpl:886 failure: UNSUPPORTED: id=563: unexpected standardMetadataType=21
2026-01-16 14:40:41.453  6270-6368  mapper.ranchu           com.yart.livekit                     E  getStandardMetadataImpl:886 failure: UNSUPPORTED: id=555: unexpected standardMetadataType=21
2026-01-16 14:40:41.486  6270-6368  mapper.ranchu           com.yart.livekit                     E  getStandardMetadataImpl:886 failure: UNSUPPORTED: id=569: unexpected standardMetadataType=21
2026-01-16 14:40:41.521  6270-6368  mapper.ranchu           com.yart.livekit                     E  getStandardMetadataImpl:886 failure: UNSUPPORTED: id=567: unexpected standardMetadataType=21
2026-01-16 14:40:41.553  6270-6368  mapper.ranchu           com.yart.livekit                     E  getStandardMetadataImpl:886 failure: UNSUPPORTED: id=563: unexpected standardMetadataType=21
2026-01-16 14:40:41.588  6270-6368  mapper.ranchu           com.yart.livekit                     E  getStandardMetadataImpl:886 failure: UNSUPPORTED: id=555: unexpected standardMetadataType=21
2026-01-16 14:40:41.622  6270-6368  mapper.ranchu           com.yart.livekit                     E  getStandardMetadataImpl:886 failure: UNSUPPORTED: id=569: unexpected standardMetadataType=21
2026-01-16 14:40:41.652  6270-6368  mapper.ranchu           com.yart.livekit                     E  getStandardMetadataImpl:886 failure: UNSUPPORTED: id=567: unexpected standardMetadataType=21
2026-01-16 14:40:41.688  6270-6368  mapper.ranchu           com.yart.livekit                     E  getStandardMetadataImpl:886 failure: UNSUPPORTED: id=563: unexpected standardMetadataType=21
2026-01-16 14:40:41.721  6270-6368  mapper.ranchu           com.yart.livekit                     E  getStandardMetadataImpl:886 failure: UNSUPPORTED: id=555: unexpected standardMetadataType=21
2026-01-16 14:40:41.753  6270-6368  mapper.ranchu           com.yart.livekit                     E  getStandardMetadataImpl:886 failure: UNSUPPORTED: id=569: unexpected standardMetadataType=21
2026-01-16 14:40:41.786  6270-6368  mapper.ranchu           com.yart.livekit                     E  getStandardMetadataImpl:886 failure: UNSUPPORTED: id=567: unexpected standardMetadataType=21
2026-01-16 14:40:41.821  6270-6368  mapper.ranchu           com.yart.livekit                     E  getStandardMetadataImpl:886 failure: UNSUPPORTED: id=563: unexpected standardMetadataType=21
2026-01-16 14:40:41.851  6270-6368  mapper.ranchu           com.yart.livekit                     E  getStandardMetadataImpl:886 failure: UNSUPPORTED: id=555: unexpected standardMetadataType=21
2026-01-16 14:40:41.885  6270-6368  mapper.ranchu           com.yart.livekit                     E  getStandardMetadataImpl:886 failure: UNSUPPORTED: id=569: unexpected standardMetadataType=21
2026-01-16 14:40:41.923  6270-6368  mapper.ranchu           com.yart.livekit                     E  getStandardMetadataImpl:886 failure: UNSUPPORTED: id=567: unexpected standardMetadataType=21
2026-01-16 14:40:41.952  6270-6368  mapper.ranchu           com.yart.livekit                     E  getStandardMetadataImpl:886 failure: UNSUPPORTED: id=563: unexpected standardMetadataType=21
2026-01-16 14:40:41.986  6270-6368  mapper.ranchu           com.yart.livekit                     E  getStandardMetadataImpl:886 failure: UNSUPPORTED: id=555: unexpected standardMetadataType=21
2026-01-16 14:40:42.023  6270-6368  mapper.ranchu           com.yart.livekit                     E  getStandardMetadataImpl:886 failure: UNSUPPORTED: id=569: unexpected standardMetadataType=21
2026-01-16 14:40:42.052  6270-6368  mapper.ranchu           com.yart.livekit                     E  getStandardMetadataImpl:886 failure: UNSUPPORTED: id=567: unexpected standardMetadataType=21
2026-01-16 14:40:42.092  6270-6368  mapper.ranchu           com.yart.livekit                     E  getStandardMetadataImpl:886 failure: UNSUPPORTED: id=563: unexpected standardMetadataType=21
2026-01-16 14:40:42.125  6270-6368  mapper.ranchu           com.yart.livekit                     E  getStandardMetadataImpl:886 failure: UNSUPPORTED: id=555: unexpected standardMetadataType=21
2026-01-16 14:40:42.155  6270-6368  mapper.ranchu           com.yart.livekit                     E  getStandardMetadataImpl:886 failure: UNSUPPORTED: id=569: unexpected standardMetadataType=21
2026-01-16 14:40:42.193  6270-6368  mapper.ranchu           com.yart.livekit                     E  getStandardMetadataImpl:886 failure: UNSUPPORTED: id=567: unexpected standardMetadataType=21
2026-01-16 14:40:42.230  6270-6368  mapper.ranchu           com.yart.livekit                     E  getStandardMetadataImpl:886 failure: UNSUPPORTED: id=563: unexpected standardMetadataType=21
2026-01-16 14:40:42.269  6270-6368  mapper.ranchu           com.yart.livekit                     E  getStandardMetadataImpl:886 failure: UNSUPPORTED: id=555: unexpected standardMetadataType=21
2026-01-16 14:40:42.303  6270-6368  mapper.ranchu           com.yart.livekit                     E  getStandardMetadataImpl:886 failure: UNSUPPORTED: id=569: unexpected standardMetadataType=21
2026-01-16 14:40:42.340  6270-6368  mapper.ranchu           com.yart.livekit                     E  getStandardMetadataImpl:886 failure: UNSUPPORTED: id=567: unexpected standardMetadataType=21
2026-01-16 14:40:42.370  6270-6368  mapper.ranchu           com.yart.livekit                     E  getStandardMetadataImpl:886 failure: UNSUPPORTED: id=563: unexpected standardMetadataType=21
2026-01-16 14:40:42.395  6270-6368  mapper.ranchu           com.yart.livekit                     E  getStandardMetadataImpl:886 failure: UNSUPPORTED: id=555: unexpected standardMetadataType=21
2026-01-16 14:40:42.427  6270-6368  mapper.ranchu           com.yart.livekit                     E  getStandardMetadataImpl:886 failure: UNSUPPORTED: id=569: unexpected standardMetadataType=21
2026-01-16 14:40:42.459  6270-6368  mapper.ranchu           com.yart.livekit                     E  getStandardMetadataImpl:886 failure: UNSUPPORTED: id=567: unexpected standardMetadataType=21
2026-01-16 14:40:42.492  6270-6368  mapper.ranchu           com.yart.livekit                     E  getStandardMetadataImpl:886 failure: UNSUPPORTED: id=563: unexpected standardMetadataType=21
2026-01-16 14:40:42.523  6270-6368  mapper.ranchu           com.yart.livekit                     E  getStandardMetadataImpl:886 failure: UNSUPPORTED: id=555: unexpected standardMetadataType=21
2026-01-16 14:40:42.556  6270-6368  mapper.ranchu           com.yart.livekit                     E  getStandardMetadataImpl:886 failure: UNSUPPORTED: id=569: unexpected standardMetadataType=21
2026-01-16 14:40:42.589  6270-6368  mapper.ranchu           com.yart.livekit                     E  getStandardMetadataImpl:886 failure: UNSUPPORTED: id=567: unexpected standardMetadataType=21
2026-01-16 14:40:42.620  6270-6368  mapper.ranchu           com.yart.livekit                     E  getStandardMetadataImpl:886 failure: UNSUPPORTED: id=563: unexpected standardMetadataType=21
2026-01-16 14:40:42.654  6270-6368  mapper.ranchu           com.yart.livekit                     E  getStandardMetadataImpl:886 failure: UNSUPPORTED: id=555: unexpected standardMetadataType=21
2026-01-16 14:40:42.686  6270-6368  mapper.ranchu           com.yart.livekit                     E  getStandardMetadataImpl:886 failure: UNSUPPORTED: id=569: unexpected standardMetadataType=21
2026-01-16 14:40:42.719  6270-6368  mapper.ranchu           com.yart.livekit                     E  getStandardMetadataImpl:886 failure: UNSUPPORTED: id=567: unexpected standardMetadataType=21
2026-01-16 14:40:42.754  6270-6368  mapper.ranchu           com.yart.livekit                     E  getStandardMetadataImpl:886 failure: UNSUPPORTED: id=563: unexpected standardMetadataType=21
2026-01-16 14:40:42.786  6270-6368  mapper.ranchu           com.yart.livekit                     E  getStandardMetadataImpl:886 failure: UNSUPPORTED: id=555: unexpected standardMetadataType=21
2026-01-16 14:40:42.821  6270-6368  mapper.ranchu           com.yart.livekit                     E  getStandardMetadataImpl:886 failure: UNSUPPORTED: id=569: unexpected standardMetadataType=21
2026-01-16 14:40:42.854  6270-6368  mapper.ranchu           com.yart.livekit                     E  getStandardMetadataImpl:886 failure: UNSUPPORTED: id=567: unexpected standardMetadataType=21
2026-01-16 14:40:42.886  6270-6368  mapper.ranchu           com.yart.livekit                     E  getStandardMetadataImpl:886 failure: UNSUPPORTED: id=563: unexpected standardMetadataType=21
2026-01-16 14:40:42.918  6270-6368  mapper.ranchu           com.yart.livekit                     E  getStandardMetadataImpl:886 failure: UNSUPPORTED: id=555: unexpected standardMetadataType=21
2026-01-16 14:40:42.953  6270-6368  mapper.ranchu           com.yart.livekit                     E  getStandardMetadataImpl:886 failure: UNSUPPORTED: id=569: unexpected standardMetadataType=21
2026-01-16 14:40:42.986  6270-6368  mapper.ranchu           com.yart.livekit                     E  getStandardMetadataImpl:886 failure: UNSUPPORTED: id=567: unexpected standardMetadataType=21
2026-01-16 14:40:43.019  6270-6368  mapper.ranchu           com.yart.livekit                     E  getStandardMetadataImpl:886 failure: UNSUPPORTED: id=563: unexpected standardMetadataType=21
2026-01-16 14:40:43.054  6270-6368  mapper.ranchu           com.yart.livekit                     E  getStandardMetadataImpl:886 failure: UNSUPPORTED: id=555: unexpected standardMetadataType=21
2026-01-16 14:40:43.086  6270-6368  mapper.ranchu           com.yart.livekit                     E  getStandardMetadataImpl:886 failure: UNSUPPORTED: id=569: unexpected standardMetadataType=21
2026-01-16 14:40:43.120  6270-6368  mapper.ranchu           com.yart.livekit                     E  getStandardMetadataImpl:886 failure: UNSUPPORTED: id=567: unexpected standardMetadataType=21
2026-01-16 14:40:43.155  6270-6368  mapper.ranchu           com.yart.livekit                     E  getStandardMetadataImpl:886 failure: UNSUPPORTED: id=563: unexpected standardMetadataType=21
2026-01-16 14:40:43.186  6270-6368  mapper.ranchu           com.yart.livekit                     E  getStandardMetadataImpl:886 failure: UNSUPPORTED: id=555: unexpected standardMetadataType=21
2026-01-16 14:40:43.219  6270-6368  mapper.ranchu           com.yart.livekit                     E  getStandardMetadataImpl:886 failure: UNSUPPORTED: id=569: unexpected standardMetadataType=21
2026-01-16 14:40:43.254  6270-6368  mapper.ranchu           com.yart.livekit                     E  getStandardMetadataImpl:886 failure: UNSUPPORTED: id=567: unexpected standardMetadataType=21
2026-01-16 14:40:43.286  6270-6368  mapper.ranchu           com.yart.livekit                     E  getStandardMetadataImpl:886 failure: UNSUPPORTED: id=563: unexpected standardMetadataType=21
2026-01-16 14:40:43.320  6270-6368  mapper.ranchu           com.yart.livekit                     E  getStandardMetadataImpl:886 failure: UNSUPPORTED: id=555: unexpected standardMetadataType=21
2026-01-16 14:40:43.356  6270-6368  mapper.ranchu           com.yart.livekit                     E  getStandardMetadataImpl:886 failure: UNSUPPORTED: id=569: unexpected standardMetadataType=21
2026-01-16 14:40:43.388  6270-6368  mapper.ranchu           com.yart.livekit                     E  getStandardMetadataImpl:886 failure: UNSUPPORTED: id=567: unexpected standardMetadataType=21
2026-01-16 14:40:43.420  6270-6368  mapper.ranchu           com.yart.livekit                     E  getStandardMetadataImpl:886 failure: UNSUPPORTED: id=563: unexpected standardMetadataType=21
2026-01-16 14:40:43.455  6270-6368  mapper.ranchu           com.yart.livekit                     E  getStandardMetadataImpl:886 failure: UNSUPPORTED: id=555: unexpected standardMetadataType=21
2026-01-16 14:40:43.486  6270-6368  mapper.ranchu           com.yart.livekit                     E  getStandardMetadataImpl:886 failure: UNSUPPORTED: id=569: unexpected standardMetadataType=21
2026-01-16 14:40:43.521  6270-6368  mapper.ranchu           com.yart.livekit                     E  getStandardMetadataImpl:886 failure: UNSUPPORTED: id=567: unexpected standardMetadataType=21
2026-01-16 14:40:43.557  6270-6368  mapper.ranchu           com.yart.livekit                     E  getStandardMetadataImpl:886 failure: UNSUPPORTED: id=563: unexpected standardMetadataType=21
2026-01-16 14:40:43.587  6270-6368  mapper.ranchu           com.yart.livekit                     E  getStandardMetadataImpl:886 failure: UNSUPPORTED: id=555: unexpected standardMetadataType=21
2026-01-16 14:40:43.622  6270-6368  mapper.ranchu           com.yart.livekit                     E  getStandardMetadataImpl:886 failure: UNSUPPORTED: id=569: unexpected standardMetadataType=21
2026-01-16 14:40:43.655  6270-6368  mapper.ranchu           com.yart.livekit                     E  getStandardMetadataImpl:886 failure: UNSUPPORTED: id=567: unexpected standardMetadataType=21
2026-01-16 14:40:43.685  6270-6368  mapper.ranchu           com.yart.livekit                     E  getStandardMetadataImpl:886 failure: UNSUPPORTED: id=563: unexpected standardMetadataType=21
2026-01-16 14:40:43.721  6270-6368  mapper.ranchu           com.yart.livekit                     E  getStandardMetadataImpl:886 failure: UNSUPPORTED: id=555: unexpected standardMetadataType=21
2026-01-16 14:40:43.756  6270-6368  mapper.ranchu           com.yart.livekit                     E  getStandardMetadataImpl:886 failure: UNSUPPORTED: id=569: unexpected standardMetadataType=21
2026-01-16 14:40:43.786  6270-6368  mapper.ranchu           com.yart.livekit                     E  getStandardMetadataImpl:886 failure: UNSUPPORTED: id=567: unexpected standardMetadataType=21
2026-01-16 14:40:43.820  6270-6368  mapper.ranchu           com.yart.livekit                     E  getStandardMetadataImpl:886 failure: UNSUPPORTED: id=563: unexpected standardMetadataType=21
2026-01-16 14:40:43.855  6270-6368  mapper.ranchu           com.yart.livekit                     E  getStandardMetadataImpl:886 failure: UNSUPPORTED: id=555: unexpected standardMetadataType=21
2026-01-16 14:40:43.885  6270-6368  mapper.ranchu           com.yart.livekit                     E  getStandardMetadataImpl:886 failure: UNSUPPORTED: id=569: unexpected standardMetadataType=21
2026-01-16 14:40:43.920  6270-6368  mapper.ranchu           com.yart.livekit                     E  getStandardMetadataImpl:886 failure: UNSUPPORTED: id=567: unexpected standardMetadataType=21
2026-01-16 14:40:43.955  6270-6368  mapper.ranchu           com.yart.livekit                     E  getStandardMetadataImpl:886 failure: UNSUPPORTED: id=563: unexpected standardMetadataType=21
2026-01-16 14:40:43.987  6270-6368  mapper.ranchu           com.yart.livekit                     E  getStandardMetadataImpl:886 failure: UNSUPPORTED: id=555: unexpected standardMetadataType=21
2026-01-16 14:40:44.021  6270-6368  mapper.ranchu           com.yart.livekit                     E  getStandardMetadataImpl:886 failure: UNSUPPORTED: id=569: unexpected standardMetadataType=21
2026-01-16 14:40:44.056  6270-6368  mapper.ranchu           com.yart.livekit                     E  getStandardMetadataImpl:886 failure: UNSUPPORTED: id=567: unexpected standardMetadataType=21
2026-01-16 14:40:44.095  6270-6368  mapper.ranchu           com.yart.livekit                     E  getStandardMetadataImpl:886 failure: UNSUPPORTED: id=563: unexpected standardMetadataType=21
2026-01-16 14:40:44.132  6270-6368  mapper.ranchu           com.yart.livekit                     E  getStandardMetadataImpl:886 failure: UNSUPPORTED: id=555: unexpected standardMetadataType=21
2026-01-16 14:40:44.231  6270-6368  mapper.ranchu           com.yart.livekit                     E  getStandardMetadataImpl:886 failure: UNSUPPORTED: id=569: unexpected standardMetadataType=21
2026-01-16 14:40:44.290  6270-6368  mapper.ranchu           com.yart.livekit                     E  getStandardMetadataImpl:886 failure: UNSUPPORTED: id=567: unexpected standardMetadataType=21
2026-01-16 14:40:44.368  6270-6368  mapper.ranchu           com.yart.livekit                     E  getStandardMetadataImpl:886 failure: UNSUPPORTED: id=563: unexpected standardMetadataType=21
2026-01-16 14:40:44.447  6270-6368  mapper.ranchu           com.yart.livekit                     E  getStandardMetadataImpl:886 failure: UNSUPPORTED: id=555: unexpected standardMetadataType=21
2026-01-16 14:40:44.509  6270-6368  mapper.ranchu           com.yart.livekit                     E  getStandardMetadataImpl:886 failure: UNSUPPORTED: id=569: unexpected standardMetadataType=21
2026-01-16 14:40:44.581  6270-6368  mapper.ranchu           com.yart.livekit                     E  getStandardMetadataImpl:886 failure: UNSUPPORTED: id=567: unexpected standardMetadataType=21
2026-01-16 14:40:44.601  6270-6354  BufferPoolAccessor2.0   com.yart.livekit                     D  bufferpool2 0x78741040c598 : 5(40960 size) total buffers - 1(8192 size) used buffers - 72/77 (recycle/alloc) - 5/151 (fetch/transfer)
2026-01-16 14:40:44.636  6270-6368  mapper.ranchu           com.yart.livekit                     E  getStandardMetadataImpl:886 failure: UNSUPPORTED: id=563: unexpected standardMetadataType=21
2026-01-16 14:40:44.668  6270-6368  mapper.ranchu           com.yart.livekit                     E  getStandardMetadataImpl:886 failure: UNSUPPORTED: id=555: unexpected standardMetadataType=21
2026-01-16 14:40:44.693  6270-6368  mapper.ranchu           com.yart.livekit                     E  getStandardMetadataImpl:886 failure: UNSUPPORTED: id=569: unexpected standardMetadataType=21
2026-01-16 14:40:44.722  6270-6368  mapper.ranchu           com.yart.livekit                     E  getStandardMetadataImpl:886 failure: UNSUPPORTED: id=567: unexpected standardMetadataType=21
2026-01-16 14:40:44.780  6270-6368  mapper.ranchu           com.yart.livekit                     E  getStandardMetadataImpl:886 failure: UNSUPPORTED: id=575: unexpected standardMetadataType=21
2026-01-16 14:40:44.809  6270-6368  mapper.ranchu           com.yart.livekit                     E  getStandardMetadataImpl:886 failure: UNSUPPORTED: id=563: unexpected standardMetadataType=21
2026-01-16 14:40:44.848  6270-6368  mapper.ranchu           com.yart.livekit                     E  getStandardMetadataImpl:886 failure: UNSUPPORTED: id=555: unexpected standardMetadataType=21
2026-01-16 14:40:44.872  6270-6368  mapper.ranchu           com.yart.livekit                     E  getStandardMetadataImpl:886 failure: UNSUPPORTED: id=569: unexpected standardMetadataType=21
2026-01-16 14:40:44.898  6270-6368  mapper.ranchu           com.yart.livekit                     E  getStandardMetadataImpl:886 failure: UNSUPPORTED: id=567: unexpected standardMetadataType=21
2026-01-16 14:40:44.915  6270-6368  mapper.ranchu           com.yart.livekit                     E  getStandardMetadataImpl:886 failure: UNSUPPORTED: id=575: unexpected standardMetadataType=21
2026-01-16 14:40:44.945  6270-6368  mapper.ranchu           com.yart.livekit                     E  getStandardMetadataImpl:886 failure: UNSUPPORTED: id=563: unexpected standardMetadataType=21
2026-01-16 14:40:44.975  6270-6368  mapper.ranchu           com.yart.livekit                     E  getStandardMetadataImpl:886 failure: UNSUPPORTED: id=555: unexpected standardMetadataType=21
2026-01-16 14:40:45.008  6270-6368  mapper.ranchu           com.yart.livekit                     E  getStandardMetadataImpl:886 failure: UNSUPPORTED: id=569: unexpected standardMetadataType=21
2026-01-16 14:40:45.040  6270-6368  mapper.ranchu           com.yart.livekit                     E  getStandardMetadataImpl:886 failure: UNSUPPORTED: id=567: unexpected standardMetadataType=21
2026-01-16 14:40:45.073  6270-6368  mapper.ranchu           com.yart.livekit                     E  getStandardMetadataImpl:886 failure: UNSUPPORTED: id=575: unexpected standardMetadataType=21
2026-01-16 14:40:45.103  6270-6368  mapper.ranchu           com.yart.livekit                     E  getStandardMetadataImpl:886 failure: UNSUPPORTED: id=563: unexpected standardMetadataType=21
2026-01-16 14:40:45.135  6270-6368  mapper.ranchu           com.yart.livekit                     E  getStandardMetadataImpl:886 failure: UNSUPPORTED: id=555: unexpected standardMetadataType=21
2026-01-16 14:40:45.171  6270-6368  mapper.ranchu           com.yart.livekit                     E  getStandardMetadataImpl:886 failure: UNSUPPORTED: id=569: unexpected standardMetadataType=21
2026-01-16 14:40:45.202  6270-6368  mapper.ranchu           com.yart.livekit                     E  getStandardMetadataImpl:886 failure: UNSUPPORTED: id=567: unexpected standardMetadataType=21
2026-01-16 14:40:45.234  6270-6368  mapper.ranchu           com.yart.livekit                     E  getStandardMetadataImpl:886 failure: UNSUPPORTED: id=575: unexpected standardMetadataType=21
2026-01-16 14:40:45.266  6270-6368  mapper.ranchu           com.yart.livekit                     E  getStandardMetadataImpl:886 failure: UNSUPPORTED: id=563: unexpected standardMetadataType=21
2026-01-16 14:40:45.299  6270-6368  mapper.ranchu           com.yart.livekit                     E  getStandardMetadataImpl:886 failure: UNSUPPORTED: id=555: unexpected standardMetadataType=21
2026-01-16 14:40:45.336  6270-6368  mapper.ranchu           com.yart.livekit                     E  getStandardMetadataImpl:886 failure: UNSUPPORTED: id=569: unexpected standardMetadataType=21
2026-01-16 14:40:45.369  6270-6368  mapper.ranchu           com.yart.livekit                     E  getStandardMetadataImpl:886 failure: UNSUPPORTED: id=567: unexpected standardMetadataType=21
2026-01-16 14:40:45.401  6270-6368  mapper.ranchu           com.yart.livekit                     E  getStandardMetadataImpl:886 failure: UNSUPPORTED: id=575: unexpected standardMetadataType=21
2026-01-16 14:40:45.439  6270-6368  mapper.ranchu           com.yart.livekit                     E  getStandardMetadataImpl:886 failure: UNSUPPORTED: id=563: unexpected standardMetadataType=21
2026-01-16 14:40:45.469  6270-6368  mapper.ranchu           com.yart.livekit                     E  getStandardMetadataImpl:886 failure: UNSUPPORTED: id=555: unexpected standardMetadataType=21
2026-01-16 14:40:45.502  6270-6368  mapper.ranchu           com.yart.livekit                     E  getStandardMetadataImpl:886 failure: UNSUPPORTED: id=569: unexpected standardMetadataType=21
2026-01-16 14:40:45.536  6270-6368  mapper.ranchu           com.yart.livekit                     E  getStandardMetadataImpl:886 failure: UNSUPPORTED: id=567: unexpected standardMetadataType=21
2026-01-16 14:40:45.570  6270-6368  mapper.ranchu           com.yart.livekit                     E  getStandardMetadataImpl:886 failure: UNSUPPORTED: id=575: unexpected standardMetadataType=21
2026-01-16 14:40:45.603  6270-6368  mapper.ranchu           com.yart.livekit                     E  getStandardMetadataImpl:886 failure: UNSUPPORTED: id=563: unexpected standardMetadataType=21
2026-01-16 14:40:45.636  6270-6368  mapper.ranchu           com.yart.livekit                     E  getStandardMetadataImpl:886 failure: UNSUPPORTED: id=555: unexpected standardMetadataType=21
2026-01-16 14:40:45.667  6270-6368  mapper.ranchu           com.yart.livekit                     E  getStandardMetadataImpl:886 failure: UNSUPPORTED: id=569: unexpected standardMetadataType=21
2026-01-16 14:40:45.699  6270-6368  mapper.ranchu           com.yart.livekit                     E  getStandardMetadataImpl:886 failure: UNSUPPORTED: id=567: unexpected standardMetadataType=21
2026-01-16 14:40:45.734  6270-6368  mapper.ranchu           com.yart.livekit                     E  getStandardMetadataImpl:886 failure: UNSUPPORTED: id=575: unexpected standardMetadataType=21
2026-01-16 14:40:45.768  6270-6368  mapper.ranchu           com.yart.livekit                     E  getStandardMetadataImpl:886 failure: UNSUPPORTED: id=563: unexpected standardMetadataType=21
2026-01-16 14:40:45.803  6270-6368  mapper.ranchu           com.yart.livekit                     E  getStandardMetadataImpl:886 failure: UNSUPPORTED: id=555: unexpected standardMetadataType=21
2026-01-16 14:40:45.838  6270-6368  mapper.ranchu           com.yart.livekit                     E  getStandardMetadataImpl:886 failure: UNSUPPORTED: id=569: unexpected standardMetadataType=21
2026-01-16 14:40:45.874  6270-6368  mapper.ranchu           com.yart.livekit                     E  getStandardMetadataImpl:886 failure: UNSUPPORTED: id=567: unexpected standardMetadataType=21
2026-01-16 14:40:45.905  6270-6368  mapper.ranchu           com.yart.livekit                     E  getStandardMetadataImpl:886 failure: UNSUPPORTED: id=575: unexpected standardMetadataType=21
2026-01-16 14:40:45.936  6270-6368  mapper.ranchu           com.yart.livekit                     E  getStandardMetadataImpl:886 failure: UNSUPPORTED: id=563: unexpected standardMetadataType=21
2026-01-16 14:40:45.968  6270-6368  mapper.ranchu           com.yart.livekit                     E  getStandardMetadataImpl:886 failure: UNSUPPORTED: id=555: unexpected standardMetadataType=21
2026-01-16 14:40:46.001  6270-6368  mapper.ranchu           com.yart.livekit                     E  getStandardMetadataImpl:886 failure: UNSUPPORTED: id=569: unexpected standardMetadataType=21
2026-01-16 14:40:46.035  6270-6368  mapper.ranchu           com.yart.livekit                     E  getStandardMetadataImpl:886 failure: UNSUPPORTED: id=567: unexpected standardMetadataType=21
2026-01-16 14:40:46.066  6270-6368  mapper.ranchu           com.yart.livekit                     E  getStandardMetadataImpl:886 failure: UNSUPPORTED: id=575: unexpected standardMetadataType=21
2026-01-16 14:40:46.099  6270-6368  mapper.ranchu           com.yart.livekit                     E  getStandardMetadataImpl:886 failure: UNSUPPORTED: id=563: unexpected standardMetadataType=21
2026-01-16 14:40:46.133  6270-6368  mapper.ranchu           com.yart.livekit                     E  getStandardMetadataImpl:886 failure: UNSUPPORTED: id=555: unexpected standardMetadataType=21
2026-01-16 14:40:46.165  6270-6368  mapper.ranchu           com.yart.livekit                     E  getStandardMetadataImpl:886 failure: UNSUPPORTED: id=569: unexpected standardMetadataType=21
